// Jest Snapshot v1, https://goo.gl/fbAQLP

exports[`transformer should compile 1`] = `
"const input_1 = [1, 2, 3, 4];
const length_1 = input_1.length;
const result_1 = [];
for (let i_1 = 0; i_1 < length_1; i_1++) {
    if (input_1[i_1]
        % 2 === 0)
        result_1.push(input_1[i_1]);
}
const input_2 = result_1;
const length_2 = input_2.length;
const result_2 = new Array(length_2);
for (let i_2 = 0; i_2 < length_2; i_2++) {
    result_2[i_2] =
        input_2[i_2]
            + 1;
}
const input_3 = result_2;
const length_3 = input_3.length;
const result_3 = new Array(length_3);
for (let i_3 = 0; i_3 < length_3; i_3++) {
    result_3[i_3] =
        input_3[i_3].toString();
}
console.log(result_3);
"
`;
