// Jest Snapshot v1, https://goo.gl/fbAQLP

exports[`transformer should compile 1`] = `
"const ______input666 = [1, 2, 3, 4];
const ______length666 = ______input666.length;
const ______result666 = [];
for (let ______i666 = 0; ______i666 < ______length666; ______i666++) {
    if (______input666[______i666]
        % 2 === 0)
        ______result666.push(______input666[______i666]);
}
const ____input66 = ______result666;
const ____length66 = ____input66.length;
const ____result66 = new Array(____length66);
for (let ____i66 = 0; ____i66 < ____length66; ____i66++) {
    ____result66[____i66] =
        ____input66[____i66]
            + 1;
}
const __input6 = ____result66;
const __length6 = __input6.length;
const __result6 = new Array(__length6);
for (let __i6 = 0; __i6 < __length6; __i6++) {
    __result6[__i6] =
        __input6[__i6].toString();
}
console.log(__result6);
"
`;
